// Jest Snapshot v1, https://goo.gl/fbAQLP

exports[`testing de <Counter /> debe hacer match con el snapshot 1`] = `
<div>
  <div
    class="counter__container"
  >
    <h1>
      Counter
    </h1>
    <h2 />
    <button>
      +
    </button>
    <button>
      -
    </button>
    <button
      aria-label="btn-reset"
    >
      Reset
    </button>
  </div>
</div>
`;
